Archive member included to satisfy reference by file (symbol)

c:/program files/microchip/xc8/v2.45/avr/bin/../lib/gcc/avr/5.4.0/avr25/memx-const\libgcc.a(_copy_data.o)
                              build/default/production/newavr-main.o (__do_copy_data)
c:/program files/microchip/xc8/v2.45/avr/bin/../lib/gcc/avr/5.4.0/../../../../avr/lib/avr25/memx-const\libc.a(exit.o)
                              C:/Program Files/Microchip/MPLABX/v6.15/packs/Microchip/ATtiny_DFP/3.0.151/xc8/avr/lib/avr25/memx-const/crtattiny45.o (exit)
c:/program files/microchip/xc8/v2.45/avr/bin/../lib/gcc/avr/5.4.0/../../../../avr/lib/avr25/memx-const\libc.a(_Exit.o)
                              c:/program files/microchip/xc8/v2.45/avr/bin/../lib/gcc/avr/5.4.0/../../../../avr/lib/avr25/memx-const\libc.a(exit.o) (_Exit)
c:/program files/microchip/xc8/v2.45/avr/bin/../lib/gcc/avr/5.4.0/avr25/memx-const\libgcc.a(_exit.o)
                              c:/program files/microchip/xc8/v2.45/avr/bin/../lib/gcc/avr/5.4.0/../../../../avr/lib/avr25/memx-const\libc.a(_Exit.o) (_exit)

Discarded input sections

 .data          0x0000000000000000        0x0 C:/Program Files/Microchip/MPLABX/v6.15/packs/Microchip/ATtiny_DFP/3.0.151/xc8/avr/lib/avr25/memx-const/crtattiny45.o
 .bss           0x0000000000000000        0x0 C:/Program Files/Microchip/MPLABX/v6.15/packs/Microchip/ATtiny_DFP/3.0.151/xc8/avr/lib/avr25/memx-const/crtattiny45.o
 .text          0x0000000000000000        0x0 build/default/production/newavr-main.o
 .data          0x0000000000000000        0x0 build/default/production/newavr-main.o
 .bss           0x0000000000000000        0x0 build/default/production/newavr-main.o
 .text.resetTimer0
                0x0000000000000000        0x4 build/default/production/newavr-main.o
 .text.wakeup_toggle
                0x0000000000000000       0x2e build/default/production/newavr-main.o
 .bss.OUTPUT_STATE
                0x0000000000000000        0x1 build/default/production/newavr-main.o
 .bss.gpio_wake
                0x0000000000000000        0x1 build/default/production/newavr-main.o
 .bss.diffTime  0x0000000000000000        0x4 build/default/production/newavr-main.o
 .bss.prevTime  0x0000000000000000        0x4 build/default/production/newavr-main.o
 .bss.currTime  0x0000000000000000        0x4 build/default/production/newavr-main.o
 .bss.vol_down_isr
                0x0000000000000000        0x1 build/default/production/newavr-main.o
 .bss.vol_up_isr
                0x0000000000000000        0x1 build/default/production/newavr-main.o
 .text          0x0000000000000000        0x0 c:/program files/microchip/xc8/v2.45/avr/bin/../lib/gcc/avr/5.4.0/avr25/memx-const\libgcc.a(_copy_data.o)
 .data          0x0000000000000000        0x0 c:/program files/microchip/xc8/v2.45/avr/bin/../lib/gcc/avr/5.4.0/avr25/memx-const\libgcc.a(_copy_data.o)
 .bss           0x0000000000000000        0x0 c:/program files/microchip/xc8/v2.45/avr/bin/../lib/gcc/avr/5.4.0/avr25/memx-const\libgcc.a(_copy_data.o)
 .text.libgcc.mul
                0x0000000000000000        0x0 c:/program files/microchip/xc8/v2.45/avr/bin/../lib/gcc/avr/5.4.0/avr25/memx-const\libgcc.a(_copy_data.o)
 .text.libgcc.div
                0x0000000000000000        0x0 c:/program files/microchip/xc8/v2.45/avr/bin/../lib/gcc/avr/5.4.0/avr25/memx-const\libgcc.a(_copy_data.o)
 .text.libgcc   0x0000000000000000        0x0 c:/program files/microchip/xc8/v2.45/avr/bin/../lib/gcc/avr/5.4.0/avr25/memx-const\libgcc.a(_copy_data.o)
 .text.libgcc.prologue
                0x0000000000000000        0x0 c:/program files/microchip/xc8/v2.45/avr/bin/../lib/gcc/avr/5.4.0/avr25/memx-const\libgcc.a(_copy_data.o)
 .text.libgcc.builtins
                0x0000000000000000        0x0 c:/program files/microchip/xc8/v2.45/avr/bin/../lib/gcc/avr/5.4.0/avr25/memx-const\libgcc.a(_copy_data.o)
 .text.libgcc.fmul
                0x0000000000000000        0x0 c:/program files/microchip/xc8/v2.45/avr/bin/../lib/gcc/avr/5.4.0/avr25/memx-const\libgcc.a(_copy_data.o)
 .text.libgcc.fixed
                0x0000000000000000        0x0 c:/program files/microchip/xc8/v2.45/avr/bin/../lib/gcc/avr/5.4.0/avr25/memx-const\libgcc.a(_copy_data.o)
 .text          0x0000000000000000        0x0 c:/program files/microchip/xc8/v2.45/avr/bin/../lib/gcc/avr/5.4.0/../../../../avr/lib/avr25/memx-const\libc.a(exit.o)
 .data          0x0000000000000000        0x0 c:/program files/microchip/xc8/v2.45/avr/bin/../lib/gcc/avr/5.4.0/../../../../avr/lib/avr25/memx-const\libc.a(exit.o)
 .bss           0x0000000000000000        0x0 c:/program files/microchip/xc8/v2.45/avr/bin/../lib/gcc/avr/5.4.0/../../../../avr/lib/avr25/memx-const\libc.a(exit.o)
 .stack.descriptors
                0x0000000000000000       0x73 c:/program files/microchip/xc8/v2.45/avr/bin/../lib/gcc/avr/5.4.0/../../../../avr/lib/avr25/memx-const\libc.a(exit.o)
 .text          0x0000000000000000        0x0 c:/program files/microchip/xc8/v2.45/avr/bin/../lib/gcc/avr/5.4.0/../../../../avr/lib/avr25/memx-const\libc.a(_Exit.o)
 .data          0x0000000000000000        0x0 c:/program files/microchip/xc8/v2.45/avr/bin/../lib/gcc/avr/5.4.0/../../../../avr/lib/avr25/memx-const\libc.a(_Exit.o)
 .bss           0x0000000000000000        0x0 c:/program files/microchip/xc8/v2.45/avr/bin/../lib/gcc/avr/5.4.0/../../../../avr/lib/avr25/memx-const\libc.a(_Exit.o)
 .stack.descriptors
                0x0000000000000000       0x13 c:/program files/microchip/xc8/v2.45/avr/bin/../lib/gcc/avr/5.4.0/../../../../avr/lib/avr25/memx-const\libc.a(_Exit.o)
 .text          0x0000000000000000        0x0 c:/program files/microchip/xc8/v2.45/avr/bin/../lib/gcc/avr/5.4.0/avr25/memx-const\libgcc.a(_exit.o)
 .data          0x0000000000000000        0x0 c:/program files/microchip/xc8/v2.45/avr/bin/../lib/gcc/avr/5.4.0/avr25/memx-const\libgcc.a(_exit.o)
 .bss           0x0000000000000000        0x0 c:/program files/microchip/xc8/v2.45/avr/bin/../lib/gcc/avr/5.4.0/avr25/memx-const\libgcc.a(_exit.o)
 .text.libgcc.mul
                0x0000000000000000        0x0 c:/program files/microchip/xc8/v2.45/avr/bin/../lib/gcc/avr/5.4.0/avr25/memx-const\libgcc.a(_exit.o)
 .text.libgcc.div
                0x0000000000000000        0x0 c:/program files/microchip/xc8/v2.45/avr/bin/../lib/gcc/avr/5.4.0/avr25/memx-const\libgcc.a(_exit.o)
 .text.libgcc   0x0000000000000000        0x0 c:/program files/microchip/xc8/v2.45/avr/bin/../lib/gcc/avr/5.4.0/avr25/memx-const\libgcc.a(_exit.o)
 .text.libgcc.prologue
                0x0000000000000000        0x0 c:/program files/microchip/xc8/v2.45/avr/bin/../lib/gcc/avr/5.4.0/avr25/memx-const\libgcc.a(_exit.o)
 .stack.descriptors
                0x0000000000000000       0x13 c:/program files/microchip/xc8/v2.45/avr/bin/../lib/gcc/avr/5.4.0/avr25/memx-const\libgcc.a(_exit.o)
 .text.libgcc.builtins
                0x0000000000000000        0x0 c:/program files/microchip/xc8/v2.45/avr/bin/../lib/gcc/avr/5.4.0/avr25/memx-const\libgcc.a(_exit.o)
 .text.libgcc.fmul
                0x0000000000000000        0x0 c:/program files/microchip/xc8/v2.45/avr/bin/../lib/gcc/avr/5.4.0/avr25/memx-const\libgcc.a(_exit.o)
 .text.libgcc.fixed
                0x0000000000000000        0x0 c:/program files/microchip/xc8/v2.45/avr/bin/../lib/gcc/avr/5.4.0/avr25/memx-const\libgcc.a(_exit.o)

Memory Configuration

Name             Origin             Length             Attributes
text             0x0000000000000000 0x0000000000001000 xr
data             0x0000000000800060 0x0000000000000100 rw !x
eeprom           0x0000000000810000 0x0000000000000100 rw !x
fuse             0x0000000000820000 0x0000000000000003 rw !x
lock             0x0000000000830000 0x0000000000000400 rw !x
signature        0x0000000000840000 0x0000000000000400 rw !x
user_signatures  0x0000000000850000 0x0000000000000400 rw !x
bootrow          0x0000000000860000 0x0000000000000400 rw !x
*default*        0x0000000000000000 0xffffffffffffffff

Linker script and memory map

LOAD C:/Program Files/Microchip/MPLABX/v6.15/packs/Microchip/ATtiny_DFP/3.0.151/xc8/avr/lib/avr25/memx-const/crtattiny45.o
                0x0000000000000001                __MPLAB_BUILD = 0x1
LOAD build/default/production/newavr-main.o
START GROUP
LOAD c:/program files/microchip/xc8/v2.45/avr/bin/../lib/gcc/avr/5.4.0/../../../../avr/lib/avr25/memx-const\libm.a
END GROUP
START GROUP
LOAD c:/program files/microchip/xc8/v2.45/avr/bin/../lib/gcc/avr/5.4.0/avr25/memx-const\libgcc.a
LOAD c:/program files/microchip/xc8/v2.45/avr/bin/../lib/gcc/avr/5.4.0/../../../../avr/lib/avr25/memx-const\libm.a
LOAD c:/program files/microchip/xc8/v2.45/avr/bin/../lib/gcc/avr/5.4.0/../../../../avr/lib/avr25/memx-const\libc.a
LOAD C:/Program Files/Microchip/MPLABX/v6.15/packs/Microchip/ATtiny_DFP/3.0.151/xc8/avr/lib/avr25/memx-const\libattiny45.a
END GROUP
                0x0000000000000000                __TEXT_REGION_ORIGIN__ = DEFINED (__TEXT_REGION_ORIGIN__)?__TEXT_REGION_ORIGIN__:0x0
                [0x0000000000800060]                __DATA_REGION_ORIGIN__ = DEFINED (__DATA_REGION_ORIGIN__)?__DATA_REGION_ORIGIN__:0x800060
                [0x0000000000001000]                __TEXT_REGION_LENGTH__ = DEFINED (__TEXT_REGION_LENGTH__)?__TEXT_REGION_LENGTH__:0x2000
                [0x0000000000000100]                __DATA_REGION_LENGTH__ = DEFINED (__DATA_REGION_LENGTH__)?__DATA_REGION_LENGTH__:0xffa0
                [0x0000000000000100]                __EEPROM_REGION_LENGTH__ = DEFINED (__EEPROM_REGION_LENGTH__)?__EEPROM_REGION_LENGTH__:0x10000
                [0x0000000000000003]                __FUSE_REGION_LENGTH__ = DEFINED (__FUSE_REGION_LENGTH__)?__FUSE_REGION_LENGTH__:0x400
                0x0000000000000400                __LOCK_REGION_LENGTH__ = DEFINED (__LOCK_REGION_LENGTH__)?__LOCK_REGION_LENGTH__:0x400
                0x0000000000000400                __SIGNATURE_REGION_LENGTH__ = DEFINED (__SIGNATURE_REGION_LENGTH__)?__SIGNATURE_REGION_LENGTH__:0x400
                0x0000000000000400                __USER_SIGNATURE_REGION_LENGTH__ = DEFINED (__USER_SIGNATURE_REGION_LENGTH__)?__USER_SIGNATURE_REGION_LENGTH__:0x400
                0x0000000000000400                __BOOTROW_REGION_LENGTH__ = DEFINED (__BOOTROW_REGION_LENGTH__)?__BOOTROW_REGION_LENGTH__:0x400

.hash
 *(.hash)

.dynsym
 *(.dynsym)

.dynstr
 *(.dynstr)

.gnu.version
 *(.gnu.version)

.gnu.version_d
 *(.gnu.version_d)

.gnu.version_r
 *(.gnu.version_r)

.rel.init
 *(.rel.init)

.rela.init
 *(.rela.init)

.rel.text
 *(.rel.text)
 *(.rel.text.*)
 *(.rel.gnu.linkonce.t*)

.rela.text
 *(.rela.text)
 *(.rela.text.*)
 *(.rela.gnu.linkonce.t*)

.rel.fini
 *(.rel.fini)

.rela.fini
 *(.rela.fini)

.rel.rodata
 *(.rel.rodata)
 *(.rel.rodata.*)
 *(.rel.gnu.linkonce.r*)

.rela.rodata
 *(.rela.rodata)
 *(.rela.rodata.*)
 *(.rela.gnu.linkonce.r*)

.rel.data
 *(.rel.data)
 *(.rel.data.*)
 *(.rel.gnu.linkonce.d*)

.rela.data
 *(.rela.data)
 *(.rela.data.*)
 *(.rela.gnu.linkonce.d*)

.rel.ctors
 *(.rel.ctors)

.rela.ctors
 *(.rela.ctors)

.rel.dtors
 *(.rel.dtors)

.rela.dtors
 *(.rela.dtors)

.rel.got
 *(.rel.got)

.rela.got
 *(.rela.got)

.rel.bss
 *(.rel.bss)

.rela.bss
 *(.rela.bss)

.rel.plt
 *(.rel.plt)

.rela.plt
 *(.rela.plt)

.text           0x0000000000000000       0x80
 *(.vectors)
 .vectors       0x0000000000000000       0x1e C:/Program Files/Microchip/MPLABX/v6.15/packs/Microchip/ATtiny_DFP/3.0.151/xc8/avr/lib/avr25/memx-const/crtattiny45.o
                0x0000000000000000                __vector_default
                0x0000000000000000                __vectors
 *(.vectors)
 *(.progmem.gcc*)
 *(.dinit)
 .dinit         0x000000000000001e       0x11 data_init
                0x0000000000000030                . = ALIGN (0x2)
 *fill*         0x000000000000002f        0x1 
                0x0000000000000030                __trampolines_start = .
 *(.trampolines)
 .trampolines   0x0000000000000030        0x0 linker stubs
 *(.trampolines*)
                0x0000000000000030                __trampolines_end = .
 *libprintf_flt.a:*(.progmem.data)
 *libc.a:*(.progmem.data)
                0x0000000000000030                . = ALIGN (0x2)
 *(.jumptables)
 *(.jumptables*)
 *(.lowtext)
 *(.lowtext*)
                0x0000000000000030                __ctors_start = .
 *(.ctors)
                0x0000000000000030                __ctors_end = .
                0x0000000000000030                __dtors_start = .
 *(.dtors)
                0x0000000000000030                __dtors_end = .
 SORT(*)(.ctors)
 SORT(*)(.dtors)
 *(.init0)
 .init0         0x0000000000000030        0x0 C:/Program Files/Microchip/MPLABX/v6.15/packs/Microchip/ATtiny_DFP/3.0.151/xc8/avr/lib/avr25/memx-const/crtattiny45.o
                0x0000000000000030                __init
 *(.init0)
 *(.init1)
 *(.init1)
 *(.init2)
 .init2         0x0000000000000030        0xc C:/Program Files/Microchip/MPLABX/v6.15/packs/Microchip/ATtiny_DFP/3.0.151/xc8/avr/lib/avr25/memx-const/crtattiny45.o
 *(.init2)
 *(.init3)
 *(.init3)
 *(.init4)
 .init4         0x000000000000003c       0x3c c:/program files/microchip/xc8/v2.45/avr/bin/../lib/gcc/avr/5.4.0/avr25/memx-const\libgcc.a(_copy_data.o)
                0x000000000000003c                __do_copy_data
                0x000000000000006a                __do_clear_bss
 *(.init4)
 *(.init5)
 *(.init5)
 *(.init6)
 *(.init6)
 *(.init7)
 *(.init7)
 *(.init8)
 *(.init8)
 *(.init9)
 .init9         0x0000000000000078        0x4 C:/Program Files/Microchip/MPLABX/v6.15/packs/Microchip/ATtiny_DFP/3.0.151/xc8/avr/lib/avr25/memx-const/crtattiny45.o
 *(.init9)
                0x000000000000007c                . = ALIGN (0x2)
 *(.fini9)
 .fini9         0x000000000000007c        0x0 c:/program files/microchip/xc8/v2.45/avr/bin/../lib/gcc/avr/5.4.0/avr25/memx-const\libgcc.a(_exit.o)
                0x000000000000007c                _exit
 *(.fini9)
 *(.fini8)
 *(.fini8)
 *(.fini7)
 *(.fini7)
 *(.fini6)
 *(.fini6)
 *(.fini5)
 *(.fini5)
 *(.fini4)
 *(.fini4)
 *(.fini3)
 *(.fini3)
 *(.fini2)
 *(.fini2)
 *(.fini1)
 *(.fini1)
 *(.fini0)
 .fini0         0x000000000000007c        0x4 c:/program files/microchip/xc8/v2.45/avr/bin/../lib/gcc/avr/5.4.0/avr25/memx-const\libgcc.a(_exit.o)
 *(.fini0)
                0x0000000000000080                _etext = .

.data           0x0000000000800060        0x0 load address 0x0000000000000080
                [!provide]                        PROVIDE (__data_start, .)
 *(.gnu.linkonce.d*)
 *(.gnu.linkonce.r*)
                0x0000000000800060                . = ALIGN (0x2)
                0x0000000000800060                _edata = .
                [!provide]                        PROVIDE (__data_end, .)

.bss            0x0000000000800060        0x0
                [!provide]                        PROVIDE (__bss_start, .)
 *(COMMON)
                [!provide]                        PROVIDE (__bss_end, .)
                0x0000000000000080                __data_load_start = LOADADDR (.data)
                0x0000000000000080                __data_load_end = (__data_load_start + SIZEOF (.data))

.noinit         0x0000000000800060        0x0
                [!provide]                        PROVIDE (__noinit_start, .)
 *(.noinit*)
                [!provide]                        PROVIDE (__noinit_end, .)
                0x0000000000800060                _end = .

.eeprom         0x0000000000810000        0x0
 *(.eeprom*)
                0x0000000000810000                __eeprom_end = .

.fuse
 *(.fuse)
 *(.lfuse)
 *(.hfuse)
 *(.efuse)

.lock
 *(.lock*)

.signature
 *(.signature*)

.user_signatures
 *(.user_signatures*)

.bootrow
 *(.bootrow*)

.stab
 *(.stab)

.stabstr
 *(.stabstr)

.stab.excl
 *(.stab.excl)

.stab.exclstr
 *(.stab.exclstr)

.stab.index
 *(.stab.index)

.stab.indexstr
 *(.stab.indexstr)

.comment        0x0000000000000000       0x5b
 *(.comment)
 .comment       0x0000000000000000       0x2f build/default/production/newavr-main.o
                                         0x30 (size before relaxing)
 .comment       0x000000000000002f       0x2c c:/program files/microchip/xc8/v2.45/avr/bin/../lib/gcc/avr/5.4.0/../../../../avr/lib/avr25/memx-const\libc.a(exit.o)
                                         0x2d (size before relaxing)
 .comment       0x000000000000005b       0x2d c:/program files/microchip/xc8/v2.45/avr/bin/../lib/gcc/avr/5.4.0/../../../../avr/lib/avr25/memx-const\libc.a(_Exit.o)

.stack.descriptors.hdr
                0x0000000000000000       0x2a
 .stack.descriptors.hdr
                0x0000000000000000        0xe c:/program files/microchip/xc8/v2.45/avr/bin/../lib/gcc/avr/5.4.0/../../../../avr/lib/avr25/memx-const\libc.a(exit.o)
 .stack.descriptors.hdr
                0x000000000000000e        0xe c:/program files/microchip/xc8/v2.45/avr/bin/../lib/gcc/avr/5.4.0/../../../../avr/lib/avr25/memx-const\libc.a(_Exit.o)
 .stack.descriptors.hdr
                0x000000000000001c        0xe c:/program files/microchip/xc8/v2.45/avr/bin/../lib/gcc/avr/5.4.0/avr25/memx-const\libgcc.a(_exit.o)

.note.GNU-stack
                0x0000000000000000        0x0
 .note.GNU-stack
                0x0000000000000000        0x0 c:/program files/microchip/xc8/v2.45/avr/bin/../lib/gcc/avr/5.4.0/../../../../avr/lib/avr25/memx-const\libc.a(exit.o)
 .note.GNU-stack
                0x0000000000000000        0x0 c:/program files/microchip/xc8/v2.45/avr/bin/../lib/gcc/avr/5.4.0/../../../../avr/lib/avr25/memx-const\libc.a(_Exit.o)

.note.gnu.build-id
 *(.note.gnu.build-id)

.debug
 *(.debug)

.line
 *(.line)

.debug_srcinfo
 *(.debug_srcinfo)

.debug_sfnames
 *(.debug_sfnames)

.debug_aranges  0x0000000000000000       0xc0
 *(.debug_aranges)
 .debug_aranges
                0x0000000000000000       0xc0 build/default/production/newavr-main.o

.debug_pubnames
 *(.debug_pubnames)

.debug_info     0x0000000000000000     0x1080
 *(.debug_info .gnu.linkonce.wi.*)
 .debug_info    0x0000000000000000      0x420 C:/Program Files/Microchip/MPLABX/v6.15/packs/Microchip/ATtiny_DFP/3.0.151/xc8/avr/lib/avr25/memx-const/crtattiny45.o
 .debug_info    0x0000000000000420      0xc60 build/default/production/newavr-main.o

.debug_abbrev   0x0000000000000000      0x601
 *(.debug_abbrev)
 .debug_abbrev  0x0000000000000000      0x3e8 C:/Program Files/Microchip/MPLABX/v6.15/packs/Microchip/ATtiny_DFP/3.0.151/xc8/avr/lib/avr25/memx-const/crtattiny45.o
 .debug_abbrev  0x00000000000003e8      0x219 build/default/production/newavr-main.o

.debug_line     0x0000000000000000      0x6fe
 *(.debug_line .debug_line.* .debug_line_end)
 .debug_line    0x0000000000000000       0xf5 C:/Program Files/Microchip/MPLABX/v6.15/packs/Microchip/ATtiny_DFP/3.0.151/xc8/avr/lib/avr25/memx-const/crtattiny45.o
 .debug_line    0x00000000000000f5      0x609 build/default/production/newavr-main.o

.debug_frame    0x0000000000000000      0x1f4
 *(.debug_frame)
 .debug_frame   0x0000000000000000      0x1f4 build/default/production/newavr-main.o

.debug_str      0x0000000000000000      0x169
 *(.debug_str)
 .debug_str     0x0000000000000000      0x169 C:/Program Files/Microchip/MPLABX/v6.15/packs/Microchip/ATtiny_DFP/3.0.151/xc8/avr/lib/avr25/memx-const/crtattiny45.o
 .debug_str     0x0000000000000169        0x0 build/default/production/newavr-main.o

.debug_loc      0x0000000000000000      0x25a
 *(.debug_loc)
 .debug_loc     0x0000000000000000      0x25a build/default/production/newavr-main.o

.debug_macinfo
 *(.debug_macinfo)

.debug_weaknames
 *(.debug_weaknames)

.debug_funcnames
 *(.debug_funcnames)

.debug_typenames
 *(.debug_typenames)

.debug_varnames
 *(.debug_varnames)

.debug_pubtypes
 *(.debug_pubtypes)

.debug_ranges   0x0000000000000000       0xb0
 *(.debug_ranges)
 .debug_ranges  0x0000000000000000       0xb0 build/default/production/newavr-main.o

.debug_macro
 *(.debug_macro)
OUTPUT(dist/default/production/MPLab.production.elf elf32-avr)
LOAD linker stubs
LOAD data_init

.note.gnu.avr.deviceinfo
                0x0000000000000000       0x3c
 .note.gnu.avr.deviceinfo
                0x0000000000000000       0x3c C:/Program Files/Microchip/MPLABX/v6.15/packs/Microchip/ATtiny_DFP/3.0.151/xc8/avr/lib/avr25/memx-const/crtattiny45.o

.bss.MODE       0x0000000000800060        0x1
 .bss.MODE      0x0000000000800060        0x1 build/default/production/newavr-main.o
                0x0000000000800060                MODE

.bss.timerWakeCnt
                0x0000000000800062        0x1
 .bss.timerWakeCnt
                0x0000000000800062        0x1 build/default/production/newavr-main.o
                0x0000000000800062                timerWakeCnt

.bss.wakeup_activity
                0x0000000000800063        0x1
 .bss.wakeup_activity
                0x0000000000800063        0x1 build/default/production/newavr-main.o
                0x0000000000800063                wakeup_activity

.bss.timer0_wake
                0x0000000000800064        0x1
 .bss.timer0_wake
                0x0000000000800064        0x1 build/default/production/newavr-main.o
                0x0000000000800064                timer0_wake

.bss.sample_B_TP64
                0x0000000000800065        0x1
 .bss.sample_B_TP64
                0x0000000000800065        0x1 build/default/production/newavr-main.o
                0x0000000000800065                sample_B_TP64

.bss.sample_G_TP12
                0x0000000000800066        0x1
 .bss.sample_G_TP12
                0x0000000000800066        0x1 build/default/production/newavr-main.o
                0x0000000000800066                sample_G_TP12

.bss.sample_R_TP63
                0x0000000000800067        0x1
 .bss.sample_R_TP63
                0x0000000000800067        0x1 build/default/production/newavr-main.o
                0x0000000000800067                sample_R_TP63

.text.main      0x0000000000000080      0x1b8
 .text.main     0x0000000000000080      0x1b8 build/default/production/newavr-main.o
                0x0000000000000080                main

.text.startToggle
                0x0000000000000238       0x50
 .text.startToggle
                0x0000000000000238       0x50 build/default/production/newavr-main.o
                0x0000000000000238                startToggle

.text.__vector_1
                0x0000000000000288       0x4c
 .text.__vector_1
                0x0000000000000288       0x4c build/default/production/newavr-main.o
                0x0000000000000288                __vector_1

.text.__vector_2
                0x00000000000002d4       0x4c
 .text.__vector_2
                0x00000000000002d4       0x4c build/default/production/newavr-main.o
                0x00000000000002d4                __vector_2

.text.checkVolUp
                0x0000000000000320       0x26
 .text.checkVolUp
                0x0000000000000320       0x26 build/default/production/newavr-main.o
                0x0000000000000320                checkVolUp

.text.checkVolDown
                0x0000000000000346       0x26
 .text.checkVolDown
                0x0000000000000346       0x26 build/default/production/newavr-main.o
                0x0000000000000346                checkVolDown

.text.checkHighs
                0x000000000000036c       0x24
 .text.checkHighs
                0x000000000000036c       0x24 build/default/production/newavr-main.o
                0x000000000000036c                checkHighs

.text.sampleGPIO
                0x0000000000000390       0x24
 .text.sampleGPIO
                0x0000000000000390       0x24 build/default/production/newavr-main.o
                0x0000000000000390                sampleGPIO

.text.sleepModePowerDown
                0x00000000000003b4       0x1c
 .text.sleepModePowerDown
                0x00000000000003b4       0x1c build/default/production/newavr-main.o
                0x00000000000003b4                sleepModePowerDown

.text.sleepModeIdle
                0x00000000000003d0       0x1a
 .text.sleepModeIdle
                0x00000000000003d0       0x1a build/default/production/newavr-main.o
                0x00000000000003d0                sleepModeIdle

.text.enable_PCINT
                0x00000000000003ea       0x18
 .text.enable_PCINT
                0x00000000000003ea       0x18 build/default/production/newavr-main.o
                0x00000000000003ea                enable_PCINT

.text.__vector_5
                0x0000000000000402       0x14
 .text.__vector_5
                0x0000000000000402       0x14 build/default/production/newavr-main.o
                0x0000000000000402                __vector_5

.text.enable_INT0
                0x0000000000000416       0x12
 .text.enable_INT0
                0x0000000000000416       0x12 build/default/production/newavr-main.o
                0x0000000000000416                enable_INT0

.text.testPinOut
                0x0000000000000428       0x10
 .text.testPinOut
                0x0000000000000428       0x10 build/default/production/newavr-main.o
                0x0000000000000428                testPinOut

.text.startTimeout
                0x0000000000000438        0xe
 .text.startTimeout
                0x0000000000000438        0xe build/default/production/newavr-main.o
                0x0000000000000438                startTimeout

.text.exit      0x0000000000000446        0xe
 .text.exit     0x0000000000000446        0xe c:/program files/microchip/xc8/v2.45/avr/bin/../lib/gcc/avr/5.4.0/../../../../avr/lib/avr25/memx-const\libc.a(exit.o)
                0x0000000000000446                exit

.text.disable_INT0
                0x0000000000000454        0xc
 .text.disable_INT0
                0x0000000000000454        0xc build/default/production/newavr-main.o
                0x0000000000000454                disable_INT0

.text.disable_PCINT
                0x0000000000000460        0xc
 .text.disable_PCINT
                0x0000000000000460        0xc build/default/production/newavr-main.o
                0x0000000000000460                disable_PCINT

.text.disable_Timer0Int
                0x000000000000046c        0xc
 .text.disable_Timer0Int
                0x000000000000046c        0xc build/default/production/newavr-main.o
                0x000000000000046c                disable_Timer0Int

.text           0x0000000000000478        0x2
 .text          0x0000000000000478        0x2 C:/Program Files/Microchip/MPLABX/v6.15/packs/Microchip/ATtiny_DFP/3.0.151/xc8/avr/lib/avr25/memx-const/crtattiny45.o
                0x0000000000000478                __vector_12
                0x0000000000000478                __bad_interrupt
                0x0000000000000478                __vector_6
                0x0000000000000478                __vector_11
                0x0000000000000478                __vector_13
                0x0000000000000478                __vector_7
                0x0000000000000478                __vector_4
                0x0000000000000478                __vector_9
                0x0000000000000478                __vector_8
                0x0000000000000478                __vector_14
                0x0000000000000478                __vector_10

.text.__vector_3
                0x000000000000047a        0x2
 .text.__vector_3
                0x000000000000047a        0x2 build/default/production/newavr-main.o
                0x000000000000047a                __vector_3

.text.__dummy_fini
                0x000000000000047c        0x2
 .text.__dummy_fini
                0x000000000000047c        0x2 c:/program files/microchip/xc8/v2.45/avr/bin/../lib/gcc/avr/5.4.0/../../../../avr/lib/avr25/memx-const\libc.a(exit.o)
                0x000000000000047c                _fini

.text.__dummy_funcs_on_exit
                0x000000000000047e        0x2
 .text.__dummy_funcs_on_exit
                0x000000000000047e        0x2 c:/program files/microchip/xc8/v2.45/avr/bin/../lib/gcc/avr/5.4.0/../../../../avr/lib/avr25/memx-const\libc.a(exit.o)
                0x000000000000047e                __funcs_on_exit

.text.__dummy_simulator_exit
                0x0000000000000480        0x2
 .text.__dummy_simulator_exit
                0x0000000000000480        0x2 c:/program files/microchip/xc8/v2.45/avr/bin/../lib/gcc/avr/5.4.0/../../../../avr/lib/avr25/memx-const\libc.a(exit.o)
                0x0000000000000480                __simulator_exit

.text._Exit     0x0000000000000482        0x2
 .text._Exit    0x0000000000000482        0x2 c:/program files/microchip/xc8/v2.45/avr/bin/../lib/gcc/avr/5.4.0/../../../../avr/lib/avr25/memx-const\libc.a(_Exit.o)
                0x0000000000000482                _Exit

.data.PREV_MODE
                0x0000000000800061        0x1 load address 0x0000000000000484
 .data.PREV_MODE
                0x0000000000800061        0x1 build/default/production/newavr-main.o
                0x0000000000800061                PREV_MODE
