Archive member included to satisfy reference by file (symbol)

c:/program files/microchip/xc8/v2.45/avr/bin/../lib/gcc/avr/5.4.0/avr25/memx-const\libgcc.a(_copy_data.o)
                              build/default/production/newavr-main.o (__do_copy_data)
c:/program files/microchip/xc8/v2.45/avr/bin/../lib/gcc/avr/5.4.0/../../../../avr/lib/avr25/memx-const\libc.a(exit.o)
                              C:/Program Files/Microchip/MPLABX/v6.15/packs/Microchip/ATtiny_DFP/3.0.151/xc8/avr/lib/avr25/memx-const/crtattiny45.o (exit)
c:/program files/microchip/xc8/v2.45/avr/bin/../lib/gcc/avr/5.4.0/../../../../avr/lib/avr25/memx-const\libc.a(_Exit.o)
                              c:/program files/microchip/xc8/v2.45/avr/bin/../lib/gcc/avr/5.4.0/../../../../avr/lib/avr25/memx-const\libc.a(exit.o) (_Exit)
c:/program files/microchip/xc8/v2.45/avr/bin/../lib/gcc/avr/5.4.0/avr25/memx-const\libgcc.a(_exit.o)
                              c:/program files/microchip/xc8/v2.45/avr/bin/../lib/gcc/avr/5.4.0/../../../../avr/lib/avr25/memx-const\libc.a(_Exit.o) (_exit)

Discarded input sections

 .data          0x0000000000000000        0x0 C:/Program Files/Microchip/MPLABX/v6.15/packs/Microchip/ATtiny_DFP/3.0.151/xc8/avr/lib/avr25/memx-const/crtattiny45.o
 .bss           0x0000000000000000        0x0 C:/Program Files/Microchip/MPLABX/v6.15/packs/Microchip/ATtiny_DFP/3.0.151/xc8/avr/lib/avr25/memx-const/crtattiny45.o
 .text          0x0000000000000000        0x0 build/default/production/newavr-main.o
 .data          0x0000000000000000        0x0 build/default/production/newavr-main.o
 .bss           0x0000000000000000        0x0 build/default/production/newavr-main.o
 .text.IRPinOut
                0x0000000000000000       0x10 build/default/production/newavr-main.o
 .bss.wake_flag
                0x0000000000000000        0x1 build/default/production/newavr-main.o
 .avr.prop      0x0000000000000000       0x16 build/default/production/newavr-main.o
 .text          0x0000000000000000        0x0 build/default/production/perif_control.o
 .data          0x0000000000000000        0x0 build/default/production/perif_control.o
 .bss           0x0000000000000000        0x0 build/default/production/perif_control.o
 .text.disable_PCINT
                0x0000000000000000        0xc build/default/production/perif_control.o
 .text          0x0000000000000000        0x0 build/default/production/helper.o
 .data          0x0000000000000000        0x0 build/default/production/helper.o
 .bss           0x0000000000000000        0x0 build/default/production/helper.o
 .text.checkRunningMode
                0x0000000000000000        0xe build/default/production/helper.o
 .text.setRunningFlag
                0x0000000000000000        0x8 build/default/production/helper.o
 .text.clearExecuteFlag
                0x0000000000000000        0x6 build/default/production/helper.o
 .text.initIRMode
                0x0000000000000000        0x6 build/default/production/helper.o
 .text          0x0000000000000000        0x0 c:/program files/microchip/xc8/v2.45/avr/bin/../lib/gcc/avr/5.4.0/avr25/memx-const\libgcc.a(_copy_data.o)
 .data          0x0000000000000000        0x0 c:/program files/microchip/xc8/v2.45/avr/bin/../lib/gcc/avr/5.4.0/avr25/memx-const\libgcc.a(_copy_data.o)
 .bss           0x0000000000000000        0x0 c:/program files/microchip/xc8/v2.45/avr/bin/../lib/gcc/avr/5.4.0/avr25/memx-const\libgcc.a(_copy_data.o)
 .text.libgcc.mul
                0x0000000000000000        0x0 c:/program files/microchip/xc8/v2.45/avr/bin/../lib/gcc/avr/5.4.0/avr25/memx-const\libgcc.a(_copy_data.o)
 .text.libgcc.div
                0x0000000000000000        0x0 c:/program files/microchip/xc8/v2.45/avr/bin/../lib/gcc/avr/5.4.0/avr25/memx-const\libgcc.a(_copy_data.o)
 .text.libgcc   0x0000000000000000        0x0 c:/program files/microchip/xc8/v2.45/avr/bin/../lib/gcc/avr/5.4.0/avr25/memx-const\libgcc.a(_copy_data.o)
 .text.libgcc.prologue
                0x0000000000000000        0x0 c:/program files/microchip/xc8/v2.45/avr/bin/../lib/gcc/avr/5.4.0/avr25/memx-const\libgcc.a(_copy_data.o)
 .text.libgcc.builtins
                0x0000000000000000        0x0 c:/program files/microchip/xc8/v2.45/avr/bin/../lib/gcc/avr/5.4.0/avr25/memx-const\libgcc.a(_copy_data.o)
 .text.libgcc.fmul
                0x0000000000000000        0x0 c:/program files/microchip/xc8/v2.45/avr/bin/../lib/gcc/avr/5.4.0/avr25/memx-const\libgcc.a(_copy_data.o)
 .text.libgcc.fixed
                0x0000000000000000        0x0 c:/program files/microchip/xc8/v2.45/avr/bin/../lib/gcc/avr/5.4.0/avr25/memx-const\libgcc.a(_copy_data.o)
 .text          0x0000000000000000        0x0 c:/program files/microchip/xc8/v2.45/avr/bin/../lib/gcc/avr/5.4.0/../../../../avr/lib/avr25/memx-const\libc.a(exit.o)
 .data          0x0000000000000000        0x0 c:/program files/microchip/xc8/v2.45/avr/bin/../lib/gcc/avr/5.4.0/../../../../avr/lib/avr25/memx-const\libc.a(exit.o)
 .bss           0x0000000000000000        0x0 c:/program files/microchip/xc8/v2.45/avr/bin/../lib/gcc/avr/5.4.0/../../../../avr/lib/avr25/memx-const\libc.a(exit.o)
 .stack.descriptors
                0x0000000000000000       0x73 c:/program files/microchip/xc8/v2.45/avr/bin/../lib/gcc/avr/5.4.0/../../../../avr/lib/avr25/memx-const\libc.a(exit.o)
 .text          0x0000000000000000        0x0 c:/program files/microchip/xc8/v2.45/avr/bin/../lib/gcc/avr/5.4.0/../../../../avr/lib/avr25/memx-const\libc.a(_Exit.o)
 .data          0x0000000000000000        0x0 c:/program files/microchip/xc8/v2.45/avr/bin/../lib/gcc/avr/5.4.0/../../../../avr/lib/avr25/memx-const\libc.a(_Exit.o)
 .bss           0x0000000000000000        0x0 c:/program files/microchip/xc8/v2.45/avr/bin/../lib/gcc/avr/5.4.0/../../../../avr/lib/avr25/memx-const\libc.a(_Exit.o)
 .stack.descriptors
                0x0000000000000000       0x13 c:/program files/microchip/xc8/v2.45/avr/bin/../lib/gcc/avr/5.4.0/../../../../avr/lib/avr25/memx-const\libc.a(_Exit.o)
 .text          0x0000000000000000        0x0 c:/program files/microchip/xc8/v2.45/avr/bin/../lib/gcc/avr/5.4.0/avr25/memx-const\libgcc.a(_exit.o)
 .data          0x0000000000000000        0x0 c:/program files/microchip/xc8/v2.45/avr/bin/../lib/gcc/avr/5.4.0/avr25/memx-const\libgcc.a(_exit.o)
 .bss           0x0000000000000000        0x0 c:/program files/microchip/xc8/v2.45/avr/bin/../lib/gcc/avr/5.4.0/avr25/memx-const\libgcc.a(_exit.o)
 .text.libgcc.mul
                0x0000000000000000        0x0 c:/program files/microchip/xc8/v2.45/avr/bin/../lib/gcc/avr/5.4.0/avr25/memx-const\libgcc.a(_exit.o)
 .text.libgcc.div
                0x0000000000000000        0x0 c:/program files/microchip/xc8/v2.45/avr/bin/../lib/gcc/avr/5.4.0/avr25/memx-const\libgcc.a(_exit.o)
 .text.libgcc   0x0000000000000000        0x0 c:/program files/microchip/xc8/v2.45/avr/bin/../lib/gcc/avr/5.4.0/avr25/memx-const\libgcc.a(_exit.o)
 .text.libgcc.prologue
                0x0000000000000000        0x0 c:/program files/microchip/xc8/v2.45/avr/bin/../lib/gcc/avr/5.4.0/avr25/memx-const\libgcc.a(_exit.o)
 .stack.descriptors
                0x0000000000000000       0x13 c:/program files/microchip/xc8/v2.45/avr/bin/../lib/gcc/avr/5.4.0/avr25/memx-const\libgcc.a(_exit.o)
 .text.libgcc.builtins
                0x0000000000000000        0x0 c:/program files/microchip/xc8/v2.45/avr/bin/../lib/gcc/avr/5.4.0/avr25/memx-const\libgcc.a(_exit.o)
 .text.libgcc.fmul
                0x0000000000000000        0x0 c:/program files/microchip/xc8/v2.45/avr/bin/../lib/gcc/avr/5.4.0/avr25/memx-const\libgcc.a(_exit.o)
 .text.libgcc.fixed
                0x0000000000000000        0x0 c:/program files/microchip/xc8/v2.45/avr/bin/../lib/gcc/avr/5.4.0/avr25/memx-const\libgcc.a(_exit.o)

Memory Configuration

Name             Origin             Length             Attributes
text             0x0000000000000000 0x0000000000001000 xr
data             0x0000000000800060 0x0000000000000100 rw !x
eeprom           0x0000000000810000 0x0000000000000100 rw !x
fuse             0x0000000000820000 0x0000000000000003 rw !x
lock             0x0000000000830000 0x0000000000000400 rw !x
signature        0x0000000000840000 0x0000000000000400 rw !x
user_signatures  0x0000000000850000 0x0000000000000400 rw !x
bootrow          0x0000000000860000 0x0000000000000400 rw !x
*default*        0x0000000000000000 0xffffffffffffffff

Linker script and memory map

LOAD C:/Program Files/Microchip/MPLABX/v6.15/packs/Microchip/ATtiny_DFP/3.0.151/xc8/avr/lib/avr25/memx-const/crtattiny45.o
                0x0000000000000001                __MPLAB_BUILD = 0x1
LOAD build/default/production/newavr-main.o
LOAD build/default/production/perif_control.o
LOAD build/default/production/helper.o
START GROUP
LOAD c:/program files/microchip/xc8/v2.45/avr/bin/../lib/gcc/avr/5.4.0/../../../../avr/lib/avr25/memx-const\libm.a
END GROUP
START GROUP
LOAD c:/program files/microchip/xc8/v2.45/avr/bin/../lib/gcc/avr/5.4.0/avr25/memx-const\libgcc.a
LOAD c:/program files/microchip/xc8/v2.45/avr/bin/../lib/gcc/avr/5.4.0/../../../../avr/lib/avr25/memx-const\libm.a
LOAD c:/program files/microchip/xc8/v2.45/avr/bin/../lib/gcc/avr/5.4.0/../../../../avr/lib/avr25/memx-const\libc.a
LOAD C:/Program Files/Microchip/MPLABX/v6.15/packs/Microchip/ATtiny_DFP/3.0.151/xc8/avr/lib/avr25/memx-const\libattiny45.a
END GROUP
                0x0000000000000000                __TEXT_REGION_ORIGIN__ = DEFINED (__TEXT_REGION_ORIGIN__)?__TEXT_REGION_ORIGIN__:0x0
                [0x0000000000800060]                __DATA_REGION_ORIGIN__ = DEFINED (__DATA_REGION_ORIGIN__)?__DATA_REGION_ORIGIN__:0x800060
                [0x0000000000001000]                __TEXT_REGION_LENGTH__ = DEFINED (__TEXT_REGION_LENGTH__)?__TEXT_REGION_LENGTH__:0x2000
                [0x0000000000000100]                __DATA_REGION_LENGTH__ = DEFINED (__DATA_REGION_LENGTH__)?__DATA_REGION_LENGTH__:0xffa0
                [0x0000000000000100]                __EEPROM_REGION_LENGTH__ = DEFINED (__EEPROM_REGION_LENGTH__)?__EEPROM_REGION_LENGTH__:0x10000
                [0x0000000000000003]                __FUSE_REGION_LENGTH__ = DEFINED (__FUSE_REGION_LENGTH__)?__FUSE_REGION_LENGTH__:0x400
                0x0000000000000400                __LOCK_REGION_LENGTH__ = DEFINED (__LOCK_REGION_LENGTH__)?__LOCK_REGION_LENGTH__:0x400
                0x0000000000000400                __SIGNATURE_REGION_LENGTH__ = DEFINED (__SIGNATURE_REGION_LENGTH__)?__SIGNATURE_REGION_LENGTH__:0x400
                0x0000000000000400                __USER_SIGNATURE_REGION_LENGTH__ = DEFINED (__USER_SIGNATURE_REGION_LENGTH__)?__USER_SIGNATURE_REGION_LENGTH__:0x400
                0x0000000000000400                __BOOTROW_REGION_LENGTH__ = DEFINED (__BOOTROW_REGION_LENGTH__)?__BOOTROW_REGION_LENGTH__:0x400

.hash
 *(.hash)

.dynsym
 *(.dynsym)

.dynstr
 *(.dynstr)

.gnu.version
 *(.gnu.version)

.gnu.version_d
 *(.gnu.version_d)

.gnu.version_r
 *(.gnu.version_r)

.rel.init
 *(.rel.init)

.rela.init
 *(.rela.init)

.rel.text
 *(.rel.text)
 *(.rel.text.*)
 *(.rel.gnu.linkonce.t*)

.rela.text
 *(.rela.text)
 *(.rela.text.*)
 *(.rela.gnu.linkonce.t*)

.rel.fini
 *(.rel.fini)

.rela.fini
 *(.rela.fini)

.rel.rodata
 *(.rel.rodata)
 *(.rel.rodata.*)
 *(.rel.gnu.linkonce.r*)

.rela.rodata
 *(.rela.rodata)
 *(.rela.rodata.*)
 *(.rela.gnu.linkonce.r*)

.rel.data
 *(.rel.data)
 *(.rel.data.*)
 *(.rel.gnu.linkonce.d*)

.rela.data
 *(.rela.data)
 *(.rela.data.*)
 *(.rela.gnu.linkonce.d*)

.rel.ctors
 *(.rel.ctors)

.rela.ctors
 *(.rela.ctors)

.rel.dtors
 *(.rel.dtors)

.rela.dtors
 *(.rela.dtors)

.rel.got
 *(.rel.got)

.rela.got
 *(.rela.got)

.rel.bss
 *(.rel.bss)

.rela.bss
 *(.rela.bss)

.rel.plt
 *(.rel.plt)

.rela.plt
 *(.rela.plt)

.text           0x0000000000000000       0xa0
 *(.vectors)
 .vectors       0x0000000000000000       0x1e C:/Program Files/Microchip/MPLABX/v6.15/packs/Microchip/ATtiny_DFP/3.0.151/xc8/avr/lib/avr25/memx-const/crtattiny45.o
                0x0000000000000000                __vector_default
                0x0000000000000000                __vectors
 *(.vectors)
 *(.progmem.gcc*)
 .progmem.gcc_sw_table.main
                0x000000000000001e        0xe build/default/production/newavr-main.o
 *(.dinit)
 .dinit         0x000000000000002c       0x24 data_init
                0x0000000000000050                . = ALIGN (0x2)
 *fill*         0x0000000000000050        0x0 
                0x0000000000000050                __trampolines_start = .
 *(.trampolines)
 .trampolines   0x0000000000000050        0x0 linker stubs
 *(.trampolines*)
                0x0000000000000050                __trampolines_end = .
 *libprintf_flt.a:*(.progmem.data)
 *libc.a:*(.progmem.data)
                0x0000000000000050                . = ALIGN (0x2)
 *(.jumptables)
 *(.jumptables*)
 *(.lowtext)
 *(.lowtext*)
                0x0000000000000050                __ctors_start = .
 *(.ctors)
                0x0000000000000050                __ctors_end = .
                0x0000000000000050                __dtors_start = .
 *(.dtors)
                0x0000000000000050                __dtors_end = .
 SORT(*)(.ctors)
 SORT(*)(.dtors)
 *(.init0)
 .init0         0x0000000000000050        0x0 C:/Program Files/Microchip/MPLABX/v6.15/packs/Microchip/ATtiny_DFP/3.0.151/xc8/avr/lib/avr25/memx-const/crtattiny45.o
                0x0000000000000050                __init
 *(.init0)
 *(.init1)
 *(.init1)
 *(.init2)
 .init2         0x0000000000000050        0xc C:/Program Files/Microchip/MPLABX/v6.15/packs/Microchip/ATtiny_DFP/3.0.151/xc8/avr/lib/avr25/memx-const/crtattiny45.o
 *(.init2)
 *(.init3)
 *(.init3)
 *(.init4)
 .init4         0x000000000000005c       0x3c c:/program files/microchip/xc8/v2.45/avr/bin/../lib/gcc/avr/5.4.0/avr25/memx-const\libgcc.a(_copy_data.o)
                0x000000000000005c                __do_copy_data
                0x000000000000008a                __do_clear_bss
 *(.init4)
 *(.init5)
 *(.init5)
 *(.init6)
 *(.init6)
 *(.init7)
 *(.init7)
 *(.init8)
 *(.init8)
 *(.init9)
 .init9         0x0000000000000098        0x4 C:/Program Files/Microchip/MPLABX/v6.15/packs/Microchip/ATtiny_DFP/3.0.151/xc8/avr/lib/avr25/memx-const/crtattiny45.o
 *(.init9)
                0x000000000000009c                . = ALIGN (0x2)
 *(.fini9)
 .fini9         0x000000000000009c        0x0 c:/program files/microchip/xc8/v2.45/avr/bin/../lib/gcc/avr/5.4.0/avr25/memx-const\libgcc.a(_exit.o)
                0x000000000000009c                _exit
 *(.fini9)
 *(.fini8)
 *(.fini8)
 *(.fini7)
 *(.fini7)
 *(.fini6)
 *(.fini6)
 *(.fini5)
 *(.fini5)
 *(.fini4)
 *(.fini4)
 *(.fini3)
 *(.fini3)
 *(.fini2)
 *(.fini2)
 *(.fini1)
 *(.fini1)
 *(.fini0)
 .fini0         0x000000000000009c        0x4 c:/program files/microchip/xc8/v2.45/avr/bin/../lib/gcc/avr/5.4.0/avr25/memx-const\libgcc.a(_exit.o)
 *(.fini0)
                0x00000000000000a0                _etext = .

.data           0x0000000000800060        0x0 load address 0x00000000000000a0
                [!provide]                        PROVIDE (__data_start, .)
 *(.gnu.linkonce.d*)
 *(.gnu.linkonce.r*)
                0x0000000000800060                . = ALIGN (0x2)
 *fill*         0x0000000000800060        0x0 
                0x0000000000800060                _edata = .
                [!provide]                        PROVIDE (__data_end, .)

.bss            0x0000000000800060        0x0
                [!provide]                        PROVIDE (__bss_start, .)
 *(COMMON)
                [!provide]                        PROVIDE (__bss_end, .)
                0x00000000000000a0                __data_load_start = LOADADDR (.data)
                0x00000000000000a0                __data_load_end = (__data_load_start + SIZEOF (.data))

.noinit         0x0000000000800060        0x0
                [!provide]                        PROVIDE (__noinit_start, .)
 *(.noinit*)
                [!provide]                        PROVIDE (__noinit_end, .)
                0x0000000000800060                _end = .

.eeprom         0x0000000000810000        0x0
 *(.eeprom*)
                0x0000000000810000                __eeprom_end = .

.fuse
 *(.fuse)
 *(.lfuse)
 *(.hfuse)
 *(.efuse)

.lock
 *(.lock*)

.signature
 *(.signature*)

.user_signatures
 *(.user_signatures*)

.bootrow
 *(.bootrow*)

.stab
 *(.stab)

.stabstr
 *(.stabstr)

.stab.excl
 *(.stab.excl)

.stab.exclstr
 *(.stab.exclstr)

.stab.index
 *(.stab.index)

.stab.indexstr
 *(.stab.indexstr)

.comment        0x0000000000000000       0x5b
 *(.comment)
 .comment       0x0000000000000000       0x2f build/default/production/newavr-main.o
                                         0x30 (size before relaxing)
 .comment       0x000000000000002f       0x30 build/default/production/perif_control.o
 .comment       0x000000000000002f       0x30 build/default/production/helper.o
 .comment       0x000000000000002f       0x2c c:/program files/microchip/xc8/v2.45/avr/bin/../lib/gcc/avr/5.4.0/../../../../avr/lib/avr25/memx-const\libc.a(exit.o)
                                         0x2d (size before relaxing)
 .comment       0x000000000000005b       0x2d c:/program files/microchip/xc8/v2.45/avr/bin/../lib/gcc/avr/5.4.0/../../../../avr/lib/avr25/memx-const\libc.a(_Exit.o)

.stack.descriptors.hdr
                0x0000000000000000       0x2a
 .stack.descriptors.hdr
                0x0000000000000000        0xe c:/program files/microchip/xc8/v2.45/avr/bin/../lib/gcc/avr/5.4.0/../../../../avr/lib/avr25/memx-const\libc.a(exit.o)
 .stack.descriptors.hdr
                0x000000000000000e        0xe c:/program files/microchip/xc8/v2.45/avr/bin/../lib/gcc/avr/5.4.0/../../../../avr/lib/avr25/memx-const\libc.a(_Exit.o)
 .stack.descriptors.hdr
                0x000000000000001c        0xe c:/program files/microchip/xc8/v2.45/avr/bin/../lib/gcc/avr/5.4.0/avr25/memx-const\libgcc.a(_exit.o)

.note.GNU-stack
                0x0000000000000000        0x0
 .note.GNU-stack
                0x0000000000000000        0x0 c:/program files/microchip/xc8/v2.45/avr/bin/../lib/gcc/avr/5.4.0/../../../../avr/lib/avr25/memx-const\libc.a(exit.o)
 .note.GNU-stack
                0x0000000000000000        0x0 c:/program files/microchip/xc8/v2.45/avr/bin/../lib/gcc/avr/5.4.0/../../../../avr/lib/avr25/memx-const\libc.a(_Exit.o)

.note.gnu.build-id
 *(.note.gnu.build-id)

.debug
 *(.debug)

.line
 *(.line)

.debug_srcinfo
 *(.debug_srcinfo)

.debug_sfnames
 *(.debug_sfnames)

.debug_aranges  0x0000000000000000      0x198
 *(.debug_aranges)
 .debug_aranges
                0x0000000000000000       0x50 build/default/production/newavr-main.o
 .debug_aranges
                0x0000000000000050       0xc0 build/default/production/perif_control.o
 .debug_aranges
                0x0000000000000110       0x88 build/default/production/helper.o

.debug_pubnames
 *(.debug_pubnames)

.debug_info     0x0000000000000000     0x1ae0
 *(.debug_info .gnu.linkonce.wi.*)
 .debug_info    0x0000000000000000      0x420 C:/Program Files/Microchip/MPLABX/v6.15/packs/Microchip/ATtiny_DFP/3.0.151/xc8/avr/lib/avr25/memx-const/crtattiny45.o
 .debug_info    0x0000000000000420      0x9a9 build/default/production/newavr-main.o
 .debug_info    0x0000000000000dc9      0x4ec build/default/production/perif_control.o
 .debug_info    0x00000000000012b5      0x82b build/default/production/helper.o

.debug_abbrev   0x0000000000000000      0x76b
 *(.debug_abbrev)
 .debug_abbrev  0x0000000000000000      0x3e8 C:/Program Files/Microchip/MPLABX/v6.15/packs/Microchip/ATtiny_DFP/3.0.151/xc8/avr/lib/avr25/memx-const/crtattiny45.o
 .debug_abbrev  0x00000000000003e8      0x18a build/default/production/newavr-main.o
 .debug_abbrev  0x0000000000000572       0x7e build/default/production/perif_control.o
 .debug_abbrev  0x00000000000005f0      0x17b build/default/production/helper.o

.debug_line     0x0000000000000000      0xb7b
 *(.debug_line .debug_line.* .debug_line_end)
 .debug_line    0x0000000000000000       0xf5 C:/Program Files/Microchip/MPLABX/v6.15/packs/Microchip/ATtiny_DFP/3.0.151/xc8/avr/lib/avr25/memx-const/crtattiny45.o
 .debug_line    0x00000000000000f5      0x3b5 build/default/production/newavr-main.o
 .debug_line    0x00000000000004aa      0x35d build/default/production/perif_control.o
 .debug_line    0x0000000000000807      0x374 build/default/production/helper.o

.debug_frame    0x0000000000000000      0x2e4
 *(.debug_frame)
 .debug_frame   0x0000000000000000       0x84 build/default/production/newavr-main.o
 .debug_frame   0x0000000000000084      0x164 build/default/production/perif_control.o
 .debug_frame   0x00000000000001e8       0xfc build/default/production/helper.o

.debug_str      0x0000000000000000      0x306
 *(.debug_str)
 .debug_str     0x0000000000000000      0x169 C:/Program Files/Microchip/MPLABX/v6.15/packs/Microchip/ATtiny_DFP/3.0.151/xc8/avr/lib/avr25/memx-const/crtattiny45.o
 .debug_str     0x0000000000000169      0x144 build/default/production/newavr-main.o
 .debug_str     0x00000000000002ad        0x0 build/default/production/perif_control.o
 .debug_str     0x00000000000002ad       0x59 build/default/production/helper.o

.debug_loc      0x0000000000000000       0x71
 *(.debug_loc)
 .debug_loc     0x0000000000000000       0x46 build/default/production/newavr-main.o
 .debug_loc     0x0000000000000046       0x2b build/default/production/helper.o

.debug_macinfo
 *(.debug_macinfo)

.debug_weaknames
 *(.debug_weaknames)

.debug_funcnames
 *(.debug_funcnames)

.debug_typenames
 *(.debug_typenames)

.debug_varnames
 *(.debug_varnames)

.debug_pubtypes
 *(.debug_pubtypes)

.debug_ranges   0x0000000000000000      0x168
 *(.debug_ranges)
 .debug_ranges  0x0000000000000000       0x40 build/default/production/newavr-main.o
 .debug_ranges  0x0000000000000040       0xb0 build/default/production/perif_control.o
 .debug_ranges  0x00000000000000f0       0x78 build/default/production/helper.o

.debug_macro
 *(.debug_macro)
OUTPUT(dist/default/production/MPLab.production.elf elf32-avr)
LOAD linker stubs
LOAD data_init

.note.gnu.avr.deviceinfo
                0x0000000000000000       0x3c
 .note.gnu.avr.deviceinfo
                0x0000000000000000       0x3c C:/Program Files/Microchip/MPLABX/v6.15/packs/Microchip/ATtiny_DFP/3.0.151/xc8/avr/lib/avr25/memx-const/crtattiny45.o

.bss.stat       0x000000000080006a        0x1
 .bss.stat      0x000000000080006a        0x1 build/default/production/newavr-main.o
                0x000000000080006a                stat

.bss.BURST_CHANGE
                0x000000000080006b        0x1
 .bss.BURST_CHANGE
                0x000000000080006b        0x1 build/default/production/newavr-main.o
                0x000000000080006b                BURST_CHANGE

.bss.IR_Cnt     0x000000000080006c        0x1
 .bss.IR_Cnt    0x000000000080006c        0x1 build/default/production/newavr-main.o
                0x000000000080006c                IR_Cnt

.bss.SM_flag    0x000000000080006d        0x1
 .bss.SM_flag   0x000000000080006d        0x1 build/default/production/newavr-main.o
                0x000000000080006d                SM_flag

.bss.TMR1_Flag  0x000000000080006e        0x1
 .bss.TMR1_Flag
                0x000000000080006e        0x1 build/default/production/newavr-main.o
                0x000000000080006e                TMR1_Flag

.bss.MODE       0x000000000080006f        0x1
 .bss.MODE      0x000000000080006f        0x1 build/default/production/newavr-main.o
                0x000000000080006f                MODE

.bss.timerWakeCnt
                0x0000000000800071        0x1
 .bss.timerWakeCnt
                0x0000000000800071        0x1 build/default/production/newavr-main.o
                0x0000000000800071                timerWakeCnt

.bss.curr_byte.2015
                0x0000000000800073        0x1
 .bss.curr_byte.2015
                0x0000000000800073        0x1 build/default/production/helper.o

.bss.data_byte_idx.2013
                0x0000000000800074        0x1
 .bss.data_byte_idx.2013
                0x0000000000800074        0x1 build/default/production/helper.o

.bss.stopFlag   0x0000000000800075        0x1
 .bss.stopFlag  0x0000000000800075        0x1 build/default/production/helper.o
                0x0000000000800075                stopFlag

.bss.executeFlag
                0x0000000000800076        0x1
 .bss.executeFlag
                0x0000000000800076        0x1 build/default/production/helper.o
                0x0000000000800076                executeFlag

.bss.runningFlag
                0x0000000000800077        0x1
 .bss.runningFlag
                0x0000000000800077        0x1 build/default/production/helper.o
                0x0000000000800077                runningFlag

.bss.sample_B_TP64
                0x0000000000800078        0x1
 .bss.sample_B_TP64
                0x0000000000800078        0x1 build/default/production/helper.o
                0x0000000000800078                sample_B_TP64

.bss.sample_G_TP12
                0x0000000000800079        0x1
 .bss.sample_G_TP12
                0x0000000000800079        0x1 build/default/production/helper.o
                0x0000000000800079                sample_G_TP12

.bss.sample_R_TP63
                0x000000000080007a        0x1
 .bss.sample_R_TP63
                0x000000000080007a        0x1 build/default/production/helper.o
                0x000000000080007a                sample_R_TP63

.bss.IR_MODE    0x000000000080007b        0x1
 .bss.IR_MODE   0x000000000080007b        0x1 build/default/production/helper.o
                0x000000000080007b                IR_MODE

.bss.cmdDataPtr
                0x0000000000800068        0x2
 .bss.cmdDataPtr
                0x0000000000800068        0x2 build/default/production/helper.o
                0x0000000000800068                cmdDataPtr

.text.main      0x00000000000000a0      0x1ca
 .text.main     0x00000000000000a0      0x1ca build/default/production/newavr-main.o
                0x00000000000000a0                main

.text.sendingSM
                0x000000000000026a      0x134
 .text.sendingSM
                0x000000000000026a      0x134 build/default/production/helper.o
                0x000000000000026a                sendingSM

.text.sendCMD   0x000000000000039e       0x32
 .text.sendCMD  0x000000000000039e       0x32 build/default/production/helper.o
                0x000000000000039e                sendCMD

.text.checkVolUp
                0x00000000000003d0       0x26
 .text.checkVolUp
                0x00000000000003d0       0x26 build/default/production/helper.o
                0x00000000000003d0                checkVolUp

.text.checkVolDown
                0x00000000000003f6       0x26
 .text.checkVolDown
                0x00000000000003f6       0x26 build/default/production/helper.o
                0x00000000000003f6                checkVolDown

.text.checkHighs
                0x000000000000041c       0x24
 .text.checkHighs
                0x000000000000041c       0x24 build/default/production/helper.o
                0x000000000000041c                checkHighs

.text.sampleGPIO
                0x0000000000000440       0x22
 .text.sampleGPIO
                0x0000000000000440       0x22 build/default/production/perif_control.o
                0x0000000000000440                sampleGPIO

.text.sleepModePowerDown
                0x0000000000000462       0x1c
 .text.sleepModePowerDown
                0x0000000000000462       0x1c build/default/production/perif_control.o
                0x0000000000000462                sleepModePowerDown

.text.__vector_5
                0x000000000000047e       0x1a
 .text.__vector_5
                0x000000000000047e       0x1a build/default/production/newavr-main.o
                0x000000000000047e                __vector_5

.text.sleepModeIdle
                0x0000000000000498       0x1a
 .text.sleepModeIdle
                0x0000000000000498       0x1a build/default/production/perif_control.o
                0x0000000000000498                sleepModeIdle

.text.setModeRunning
                0x00000000000004b2       0x18
 .text.setModeRunning
                0x00000000000004b2       0x18 build/default/production/helper.o
                0x00000000000004b2                setModeRunning

.text.setTimer1
                0x00000000000004ca       0x14
 .text.setTimer1
                0x00000000000004ca       0x14 build/default/production/perif_control.o
                0x00000000000004ca                setTimer1

.text.__vector_2
                0x00000000000004de       0x12
 .text.__vector_2
                0x00000000000004de       0x12 build/default/production/newavr-main.o
                0x00000000000004de                __vector_2

.text.startTimer1
                0x00000000000004f0       0x12
 .text.startTimer1
                0x00000000000004f0       0x12 build/default/production/perif_control.o
                0x00000000000004f0                startTimer1

.text.testPinOut
                0x0000000000000502       0x10
 .text.testPinOut
                0x0000000000000502       0x10 build/default/production/perif_control.o
                0x0000000000000502                testPinOut

.text.setTimer0
                0x0000000000000512        0xe
 .text.setTimer0
                0x0000000000000512        0xe build/default/production/perif_control.o
                0x0000000000000512                setTimer0

.text.startTimeout
                0x0000000000000520        0xe
 .text.startTimeout
                0x0000000000000520        0xe build/default/production/perif_control.o
                0x0000000000000520                startTimeout

.text.exit      0x000000000000052e        0xe
 .text.exit     0x000000000000052e        0xe c:/program files/microchip/xc8/v2.45/avr/bin/../lib/gcc/avr/5.4.0/../../../../avr/lib/avr25/memx-const\libc.a(exit.o)
                0x000000000000052e                exit

.text.__vector_4
                0x000000000000053c        0xc
 .text.__vector_4
                0x000000000000053c        0xc build/default/production/newavr-main.o
                0x000000000000053c                __vector_4

.text.enable_PCINT
                0x0000000000000548        0xc
 .text.enable_PCINT
                0x0000000000000548        0xc build/default/production/perif_control.o
                0x0000000000000548                enable_PCINT

.text.disable_Timer0Int
                0x0000000000000554        0xc
 .text.disable_Timer0Int
                0x0000000000000554        0xc build/default/production/perif_control.o
                0x0000000000000554                disable_Timer0Int

.text.disable_Timer1Int
                0x0000000000000560        0xc
 .text.disable_Timer1Int
                0x0000000000000560        0xc build/default/production/perif_control.o
                0x0000000000000560                disable_Timer1Int

.text.enable_Timer1Int
                0x000000000000056c        0xc
 .text.enable_Timer1Int
                0x000000000000056c        0xc build/default/production/perif_control.o
                0x000000000000056c                enable_Timer1Int

.text.setModeStop
                0x0000000000000578        0xc
 .text.setModeStop
                0x0000000000000578        0xc build/default/production/helper.o
                0x0000000000000578                setModeStop

.text.setClock  0x0000000000000584        0xa
 .text.setClock
                0x0000000000000584        0xa build/default/production/perif_control.o
                0x0000000000000584                setClock

.text.setGPIO   0x000000000000058e        0xa
 .text.setGPIO  0x000000000000058e        0xa build/default/production/perif_control.o
                0x000000000000058e                setGPIO

.text.setPowerSavings
                0x0000000000000598        0x8
 .text.setPowerSavings
                0x0000000000000598        0x8 build/default/production/perif_control.o
                0x0000000000000598                setPowerSavings

.text.armWakeUpInt
                0x00000000000005a0        0x8
 .text.armWakeUpInt
                0x00000000000005a0        0x8 build/default/production/perif_control.o
                0x00000000000005a0                armWakeUpInt

.text.setExecuteFlag
                0x00000000000005a8        0x8
 .text.setExecuteFlag
                0x00000000000005a8        0x8 build/default/production/helper.o
                0x00000000000005a8                setExecuteFlag

.text.setIRCnt  0x00000000000005b0        0x6
 .text.setIRCnt
                0x00000000000005b0        0x6 build/default/production/newavr-main.o
                0x00000000000005b0                setIRCnt

.text.setIRLow  0x00000000000005b6        0x6
 .text.setIRLow
                0x00000000000005b6        0x6 build/default/production/perif_control.o
                0x00000000000005b6                setIRLow

.text.getRunningMode
                0x00000000000005bc        0x6
 .text.getRunningMode
                0x00000000000005bc        0x6 build/default/production/helper.o
                0x00000000000005bc                getRunningMode

.text.getExecuteFlag
                0x00000000000005c2        0x6
 .text.getExecuteFlag
                0x00000000000005c2        0x6 build/default/production/helper.o
                0x00000000000005c2                getExecuteFlag

.text.resetTimer0
                0x00000000000005c8        0x4
 .text.resetTimer0
                0x00000000000005c8        0x4 build/default/production/perif_control.o
                0x00000000000005c8                resetTimer0

.text.stopTimer1
                0x00000000000005cc        0x4
 .text.stopTimer1
                0x00000000000005cc        0x4 build/default/production/perif_control.o
                0x00000000000005cc                stopTimer1

.text.setIRHigh
                0x00000000000005d0        0x4
 .text.setIRHigh
                0x00000000000005d0        0x4 build/default/production/perif_control.o
                0x00000000000005d0                setIRHigh

.text           0x00000000000005d4        0x2
 .text          0x00000000000005d4        0x2 C:/Program Files/Microchip/MPLABX/v6.15/packs/Microchip/ATtiny_DFP/3.0.151/xc8/avr/lib/avr25/memx-const/crtattiny45.o
                0x00000000000005d4                __vector_1
                0x00000000000005d4                __vector_12
                0x00000000000005d4                __bad_interrupt
                0x00000000000005d4                __vector_6
                0x00000000000005d4                __vector_11
                0x00000000000005d4                __vector_13
                0x00000000000005d4                __vector_7
                0x00000000000005d4                __vector_9
                0x00000000000005d4                __vector_8
                0x00000000000005d4                __vector_14
                0x00000000000005d4                __vector_10

.text.__vector_3
                0x00000000000005d6        0x2
 .text.__vector_3
                0x00000000000005d6        0x2 build/default/production/newavr-main.o
                0x00000000000005d6                __vector_3

.text.__dummy_fini
                0x00000000000005d8        0x2
 .text.__dummy_fini
                0x00000000000005d8        0x2 c:/program files/microchip/xc8/v2.45/avr/bin/../lib/gcc/avr/5.4.0/../../../../avr/lib/avr25/memx-const\libc.a(exit.o)
                0x00000000000005d8                _fini

.text.__dummy_funcs_on_exit
                0x00000000000005da        0x2
 .text.__dummy_funcs_on_exit
                0x00000000000005da        0x2 c:/program files/microchip/xc8/v2.45/avr/bin/../lib/gcc/avr/5.4.0/../../../../avr/lib/avr25/memx-const\libc.a(exit.o)
                0x00000000000005da                __funcs_on_exit

.text.__dummy_simulator_exit
                0x00000000000005dc        0x2
 .text.__dummy_simulator_exit
                0x00000000000005dc        0x2 c:/program files/microchip/xc8/v2.45/avr/bin/../lib/gcc/avr/5.4.0/../../../../avr/lib/avr25/memx-const\libc.a(exit.o)
                0x00000000000005dc                __simulator_exit

.text._Exit     0x00000000000005de        0x2
 .text._Exit    0x00000000000005de        0x2 c:/program files/microchip/xc8/v2.45/avr/bin/../lib/gcc/avr/5.4.0/../../../../avr/lib/avr25/memx-const\libc.a(_Exit.o)
                0x00000000000005de                _Exit

.data.volDownMsg
                0x0000000000800060        0x4 load address 0x00000000000005e0
 .data.volDownMsg
                0x0000000000800060        0x4 build/default/production/helper.o
                0x0000000000800060                volDownMsg

.data.volUpMsg  0x0000000000800064        0x4 load address 0x00000000000005e4
 .data.volUpMsg
                0x0000000000800064        0x4 build/default/production/helper.o
                0x0000000000800064                volUpMsg

.data.PREV_MODE
                0x0000000000800070        0x1 load address 0x00000000000005e8
 .data.PREV_MODE
                0x0000000000800070        0x1 build/default/production/newavr-main.o
                0x0000000000800070                PREV_MODE

.data.data_bit_idx.2014
                0x0000000000800072        0x1 load address 0x00000000000005e9
 .data.data_bit_idx.2014
                0x0000000000800072        0x1 build/default/production/helper.o
